// Jest Snapshot v1, https://goo.gl/fbAQLP

exports[`button snapshot 1`] = `
<button>
  Hello!
</button>
`;
